python : INFO:OSINT_Tool:Launching async 
search for: site:linkedin.com "johndoe"
At line:1 char:1
+ python test_passive.py > test_output.txt 
2>&1
+ 
~~~~~~~~~~~~~~~~~~~~~~~~~~~~~~~~~~~~~~~~~~~~~
    + CategoryInfo          : NotSpecified:  
   (INFO:OSINT_Tool...n.com "johndoe":Strin  
  g) [], RemoteException
    + FullyQualifiedErrorId : NativeCommandE 
   rror
 
INFO:OSINT_Tool:Launching async search for: 
site:twitter.com "johndoe"
INFO:OSINT_Tool:Launching async search for: 
site:facebook.com "johndoe"
INFO:OSINT_Tool:Launching async search for: 
site:instagram.com "johndoe"
INFO:OSINT_Tool:Launching async search for: 
site:github.com "johndoe"
INFO:OSINT_Tool:Launching async search for: 
site:reddit.com "johndoe"
INFO:OSINT_Tool:Launching async search for: 
site:tiktok.com "johndoe"
INFO:OSINT_Tool:Launching async search for: 
site:youtube.com "johndoe"
WARNING:OSINT_Tool:Rate limited by https://se
arch.brave.com/search?q=site%3Alinkedin.com+%
22johndoe%22. Waiting 5s...
WARNING:OSINT_Tool:Rate limited by https://se
arch.brave.com/search?q=site%3Atwitter.com+%2
2johndoe%22. Waiting 5s...
WARNING:OSINT_Tool:Rate limited by https://se
arch.brave.com/search?q=site%3Afacebook.com+%
22johndoe%22. Waiting 5s...
WARNING:OSINT_Tool:Rate limited by https://se
arch.brave.com/search?q=site%3Ainstagram.com+
%22johndoe%22. Waiting 5s...
WARNING:OSINT_Tool:Rate limited by https://se
arch.brave.com/search?q=site%3Agithub.com+%22
johndoe%22. Waiting 5s...
WARNING:OSINT_Tool:Rate limited by https://se
arch.brave.com/search?q=site%3Atwitter.com+%2
2johndoe%22. Waiting 5s...
WARNING:OSINT_Tool:Rate limited by https://se
arch.brave.com/search?q=site%3Alinkedin.com+%
22johndoe%22. Waiting 5s...
WARNING:OSINT_Tool:Rate limited by https://se
arch.brave.com/search?q=site%3Areddit.com+%22
johndoe%22. Waiting 5s...
WARNING:OSINT_Tool:Rate limited by https://se
arch.brave.com/search?q=site%3Afacebook.com+%
22johndoe%22. Waiting 5s...
WARNING:OSINT_Tool:Rate limited by https://se
arch.brave.com/search?q=site%3Ainstagram.com+
%22johndoe%22. Waiting 5s...
WARNING:OSINT_Tool:Rate limited by https://se
arch.brave.com/search?q=site%3Atiktok.com+%22
johndoe%22. Waiting 5s...
WARNING:OSINT_Tool:Rate limited by https://se
arch.brave.com/search?q=site%3Agithub.com+%22
johndoe%22. Waiting 5s...
WARNING:OSINT_Tool:Rate limited by https://se
arch.brave.com/search?q=site%3Atwitter.com+%2
2johndoe%22. Waiting 5s...
WARNING:OSINT_Tool:Rate limited by https://se
arch.brave.com/search?q=site%3Alinkedin.com+%
22johndoe%22. Waiting 5s...
WARNING:OSINT_Tool:Rate limited by https://se
arch.brave.com/search?q=site%3Areddit.com+%22
johndoe%22. Waiting 5s...
WARNING:OSINT_Tool:Rate limited by https://se
arch.brave.com/search?q=site%3Afacebook.com+%
22johndoe%22. Waiting 5s...
WARNING:OSINT_Tool:Rate limited by https://se
arch.brave.com/search?q=site%3Ayoutube.com+%2
2johndoe%22. Waiting 5s...
WARNING:OSINT_Tool:Rate limited by https://se
arch.brave.com/search?q=site%3Ainstagram.com+
%22johndoe%22. Waiting 5s...
WARNING:OSINT_Tool:Rate limited by https://se
arch.brave.com/search?q=site%3Atiktok.com+%22
johndoe%22. Waiting 5s...
WARNING:OSINT_Tool:Rate limited by https://se
arch.brave.com/search?q=site%3Agithub.com+%22
johndoe%22. Waiting 5s...
WARNING:OSINT_Tool:Rate limited by https://se
arch.brave.com/search?q=site%3Areddit.com+%22
johndoe%22. Waiting 5s...
WARNING:OSINT_Tool:Rate limited by https://se
arch.brave.com/search?q=site%3Ayoutube.com+%2
2johndoe%22. Waiting 5s...
WARNING:OSINT_Tool:Rate limited by https://se
arch.brave.com/search?q=site%3Atiktok.com+%22
johndoe%22. Waiting 5s...
WARNING:OSINT_Tool:Rate limited by https://se
arch.brave.com/search?q=site%3Ayoutube.com+%2
2johndoe%22. Waiting 5s...
Initializing Passive Intelligence Module...

--- Testing Dorking for 'johndoe' ---
Found 0 profiles:

--- Testing PGP for 'torvalds@linux-foundation.org' ---
Found 100 PGP keys:
  - 728D42ABE4CCB5ED037D565D5B45863E83FA9A00 (1576954850)
  - 9EE4BFED4EF08952DA7E5B5643999BC68F087C20 (1576954739)
  - 09E7D683F1C47FB41F6126ACCE7439374F2855A0 (1576956624)
  - C3F38EAF7104770B4B9CAE7C1BE65CE0BC6447A0 (1576953970)
  - 881772440C19B8923C56FAAAC9EDE49608D7FEE0 (1576954194)
  - F4DFA87EDB6EAAC60D95786CA90F8F2F0CABB2F0 (1576955127)
  - 2161557E7DA48B86F958F888C2F1B6216BD60931 (1576954233)
  - B65022E53983B4E5A6EEEDF05B353C48C12BB541 (1576956238)
  - 6C237E3A5985108733E6F382F80EE2671266A981 (1576955054)
  - 0A1D68EEEDA483909045A3FA75598FC6C53E8BA1 (1576953908)
  - FD0DD0C88B9BAE83D481BD4BA13926971E2E00D1 (1576954184)
  - 50491554C0738B578B2948D59EAB063686588E52 (1576955933)
  - 321CD6779C2E54603C60C8143B1CC839601E8C72 (1576955330)
  - 027618E7D074E588BCAD58F8DF3AAEAE1D92AFB2 (1576956579)
  - 6C07A42182EDF904CC996FA753C232792034A5C2 (1576955828)
  - FC316B3B61BD158E96E433E8D3AF26F60BC6E6C2 (1576955220)
  - A196F8D0194222E2101C336E14758DA6D44FBEE2 (1576955692)
  - 9AF94A16089FFC359CFB555B3669A2B621F5F5F2 (1576955857)
  - 8A63E85F02C231CA74BD88F4DDEB5C0FAA842D73 (1576956185)
  - E33FDEE6C4EC76B7690423DCDCBC0B56A6CC22C3 (1576953901)
  - 0838A7CFAA58CB1C6E5966457D173A77706DD0D3 (1576956107)
  - 1F0E10249A937F06AB156FBB03FFF4B98819F704 (1576954835)
  - AA446432EDD77C3E33FD50BF51BD2D7E836D1524 (1576954575)
  - 83B04A76FFD71791082A290D899E8CA6287E0C44 (1576955772)
  - 1EB854CE5232753414D16C5CDC485DE5D6386C44 (1576954392)
  - B899D7CBD18F5C7CBC0A95FE528830FBD6BBB654 (1576956514)
  - 3AECD61ECA5126E8DB186466C695AAC864501464 (1576956883)
  - 27FE40F49761C324983EC9AA98EFE3194CE3A564 (1576955912)
  - E656A5DBE5246F86A45C73FC26BE6E8084A29E84 (1576956532)
  - EC2E50CF4B97D925A766712B01867F4FCFDCC965 (1576956575)
  - 8CB5449DE0327E669A1C3B9CBEE8942CC03FC5A5 (1576954177)
  - 9B2018D156BCAF9AEE348A4E582FE8269AB95AA5 (1576956807)
  - 3683DF70708196CA3D9FA464067B82228F5110B5 (1576956675)
  - B6A18E1BB262BD22453D6975B7920ADD38C124D5 (1576955926)
  - 23D694846EE2FC79C1CC6FE1060D1DCE03F60706 (1576954385)
  - F10B029FD4CFB909F62E4C9019088C7065ED5C16 (1576956692)
  - A1978C533847775F95F2AF95925ED9D81A413726 (1576956207)
  - BDD54F72E862343A47C7B631C6C15039374DAD66 (1576954281)
  - EFBF322D65AB54DFE08D5C2041D99D63F4EE5776 (1576956873)
  - C590105CC0F2DC7798BECC5FC045C89F5D534FB6 (1576954786)
  - D47C9B4FD786E855086590DC5E49AC697369C8E6 (1576956955)
  - 75D2915119D1AD2063ED268AA5F9707C5ED07B37 (1576956001)
  - E3B9D5A97793F5CEEEC1F0ADAC3A32231CCA1C57 (1576956927)
  - B6845986F08B7AC8C8632EB3D93EB354CBD358B7 (1576954110)
  - E1593BCB60A0A53F5F229FE280685D736FDD5CD7 (1576956566)
  - F1A2AD3D370EE9CA24D32199428AD1EAEF1201F7 (1576955998)
  - DB9169BA86833F50C04043A2E62EF97A3FC65328 (1576955086)
  - C95F5C498107426B2EF84CF89F854AF3049412B8 (1576955271)
  - D3C3F43F360880FE63801CDB77D7B7FC67AA2DB8 (1576954083)
  - AFD2F8F0592C2F4019E9442699279A988F7518D8 (1576956734)
  - 7F0B1D2F7FDB43E39E2A03368D9C42FBE2FBADE8 (1576956898)
  - 016CBD18C9E357F2AD26B19D36FC1F7FE5B3E269 (1576956685)
  - C4A847A49785519E4DE2454DA6B049678E9F821A (1576956836)
  - A14D764F459E9F12F80F10E31F484436D237A42A (1576954138)
  - 1C16E5BDCE24E65E14E9E718BF71E4A87CA8644A (1576954179)
  - 8D8103E6273E79F7789602E29D32DF46EEF0886A (1576954462)
  - F4833823DFB7EB4964F57EB8775CD9321690D27A (1576954551)
  - 3991A7BFC630CB2B8ADF2A5236B79449675821AA (1576954893)
  - 64FCD6EE060BCB3DE7687D0C4803637A9B6FF3AA (1576955191)
  - 792B67E3F459E6A5E5C1EC2A7EC17B072ED77BDA (1576955236)
  - A1EF2C8A92CFC7AF5B0FAB5D8237DFA75136B3EA (1576956307)
  - 5918BD7B57CC46A43DB2B351CC1396882937D1FA (1576955393)
  - A51BE35BF0BAFE7AF0AA84A3A2F52B8BEE0FD8FA (1576956716)
  - BEBB58224E930CE8D71C981101B4909A55CAF11B (1576957026)
  - 69588B47AC3E713E62E97DD2AAD972877A7D762B (1576954142)
  - DBDAE2E142AFBEED79C76E11721B58F5FEB2319B (1576956606)
  - FBA0963D827FB1B6B1B9C9CB6EBC42E51D8067AB (1576954595)
  - 2B5D0EA4BE9B0D3E2DB3B83986C373F9B765D0CB (1576956585)
  - 924C21DD57CE3749EBE007509B802DCCD5E107CB (1576955251)
  - C6F9AD3B9C75FBC2E26B2DA26EC1DDAF9A43ADCB (1576955850)
  - 9C8161DF31B0A9E183D373392D94E30153C4F0DB (1576954885)
  - E9137A54FC69C7B2599B88B5BE6F82E11B1B80EB (1576956682)
  - F6CA0E5CA8E2911D613244D1B69C08C16AD46EEB (1576956818)
  - 7F0AD8B44804E8E848ECAFB68FBF96AA40E2C10C (1576954794)
  - 6541E82C40493E41921A6F7953B9417F5B0C211C (1576956936)
  - B2F190D7E3E00D2EF22051CC43B3896D4F85DB1C (1576954519)
  - B4EE9970038255910CAD5AD76782410866D6AC1C (1576955700)
  - 4641187112E6A039812BCC86D1B359C3110EC93C (1576955876)
  - 086820AB52E81A7B34304967FE25C4440125237C (1576956246)
  - 42885192E284CD4F8F1DF84F711AC363727287EC (1576954217)
  - D5C4C6B11454FC449A9FDDFD6352EEF6D205E42D (1576956380)
  - 8FCAC4585CECDAD448A961C0A26C869EADEDB63D (1576954429)
  - 92C16115375DD09E51E87B571259476A057C283D (1576957065)
  - D84227F8F21AFE288BE3E61CCBB4E29E29C45D3D (1576956009)
  - 16774E8D84B8A62445F1932D3D750A506A65E94D (1576956132)
  - 61AEB7D46C0D3F41ED8CFB636769B9EABC60AC4D (1576956730)
  - BAA41D29CE82842F2D3574B5EB9EB895CE3F645D (1576954411)
  - 3C2F40CEA50EC8FF43D7367BCAF520336086588D (1576953985)
  - B243B1CF2BD3D9BB1D55CA335917C24BF7E12FDD (1576954564)
  - 08173C379D8F8108C0E92FE558FBBBAC3E6A120E (1576956711)
  - 4E1C7E3B2363BC57603BEEFF6256CC619009795E (1576956959)
  - 30FF8AB3C582D8AE65E24E01C495424DA1DBCE5E (1576956159)
  - 1076EA3B4D48C61E530D470FD83D10AF98472C9E (1576954976)
  - 58FF77F5B5D0B34C00498B12083D4FA07EC3FAFE (1576954483)
  - 653FD542E9E8F2B37956E93F214A86F4A1F6413F (1576954000)
  - 5551E87717BDA883336F812238BC0DC12CC0975F (1576954747)
  - 7BAAAE6DFB53795C9D185016AFB730A81DEB5F6F (1576956647)
  - D71396B0881AEA46F21845D1B22831D8479F998F (1576954958)
  - 566B81ACE3AFFA7D1909347449C7650B805C28BF (1576954949)
  - 9B486DAED4464906BEFE4815A3FB52CA634F2BEF (1576954162)

--- Skipping HIBP (No API Key) ---
ERROR:asyncio:Unclosed client session
client_session: 
<aiohttp.client.ClientSession object at 
0x00000271FFEAFB60>
ERROR:asyncio:Unclosed connector
connections: ['deque([(<aiohttp.client_proto.
ResponseHandler object at 
0x0000027180092690>, 27910.569823), 
(<aiohttp.client_proto.ResponseHandler 
object at 0x0000027180091F10>, 
27914.4054398)])', 'deque([(<aiohttp.client_p
roto.ResponseHandler object at 
0x0000027180093230>, 27911.9458556), 
(<aiohttp.client_proto.ResponseHandler 
object at 0x00000271801860F0>, 
27916.4791345)])', 'deque([(<aiohttp.client_p
roto.ResponseHandler object at 
0x000002718120BA10>, 27916.9506635), 
(<aiohttp.client_proto.ResponseHandler 
object at 0x0000027180092930>, 
27917.1267669)])', 'deque([(<aiohttp.client_p
roto.ResponseHandler object at 
0x0000027180091AF0>, 27915.6530018), 
(<aiohttp.client_proto.ResponseHandler 
object at 0x0000027180092C90>, 
27917.7432278)])', 'deque([(<aiohttp.client_p
roto.ResponseHandler object at 
0x0000027180092F90>, 27922.4535822), 
(<aiohttp.client_proto.ResponseHandler 
object at 0x0000027180090E90>, 
27926.3475222)])', 'deque([(<aiohttp.client_p
roto.ResponseHandler object at 
0x0000027181727E30>, 27932.4193269)])']
connector: <aiohttp.connector.TCPConnector 
object at 0x00000271FFEAFCB0>
